// Jest Snapshot v1, https://goo.gl/fbAQLP

exports[`should render ExpenseList with empty message 1`] = `
<div>
  <p>
    No expenses
  </p>
</div>
`;

exports[`should render ExpenseList with expenses 1`] = `
<div>
  <ExpenseListItem
    amount={5}
    createdAt={0}
    description="oi"
    id="1"
    key="1"
    note=""
  />
  <ExpenseListItem
    amount={10}
    createdAt={-345600000}
    description="novo"
    id="2"
    key="2"
    note=""
  />
  <ExpenseListItem
    amount={15}
    createdAt={345600000}
    description="henrique"
    id="3"
    key="3"
    note=""
  />
</div>
`;
